Demand-Total-Uni-Combined.csv
"","WEEK","DEMAND","PRICE","FA","FAplus","FB","D1","D2","PR1"
"264",1377,7723.0088,1.80502578217961,0,0,3596.5629,366.7671,619.875,4564.8291
"265",1378,6612.4975,1.91672208571723,0,0,0,182.55,19.125,3561.4416
"266",1379,5509.3629,2.11057616117464,0,0,0,91,7.875,818.048
"267",1380,5122.0119,2.11564131664747,0,0,0,0,0,1580.1279
"268",1381,6494.9043,1.96341153171418,0,0,2460.6053,42.75,232.875,3176.3411
"269",1382,7379.1601,1.75735853732188,0,0,1391.0669,37.125,1789.875,4232.0568
"270",1383,6771.6764,1.82597620878635,0,0,326.25,631.125,0,2619.6726
"271",1384,5557.0766,2.11864813956317,0,0,58.5,93.375,0,1370.8189
"272",1385,5300.6798,2.14030283436475,0,0,446.625,0,0,1167.7541
"273",1386,4800.8105,2.15516734101461,0,0,0,13.65,0,824.4029
"274",1387,4661.4932,2.18613211749403,0,0,0,36.4,0,285.6041
"275",1388,4771.9033,2.17189229295573,47.8435,0,0,58.3311,0,326.4565
"276",1389,5214.2171,2.07302837467201,0,0,0,45.5,0,1564.1818
"277",1390,6280.1241,1.95835461276952,0,0,2892.3129,491.825,889.2549,3592.5229
"278",1391,5951.499,2.05375990149709,359.7293,0,0,130.7,276.9803,2691.9744
"279",1392,5569.3143,2.10921477353146,0,421.875,0,50.05,0,1353.006
"280",1393,6226.4076,2.04907079966946,0,0,1159,110.525,356.375,2704.8872
"281",1394,8714.2769,1.72294961157362,2998.8546,0,1760.8809,1699.3809,643.25,5612.8928
"282",1395,7080.3151,1.8194359739724,2023.582,0,28.125,1133.2,63.7,3792.562
"283",1396,4945.3182,2.1804461439913,0,0,0,55.175,0,989.7995
"284",1397,5371.1807,2.09705288820389,0,0,0,100.9,15.925,2237.8829
"285",1398,6367.0633,1.98057556613266,0,0,2284.1485,244.125,66.375,3690.9573
"286",1399,5067.1438,2.08459250751873,0,0,0,33.75,103.5,2176.7887
"287",1400,4798.7842,2.08510522311047,0,0,324.25,124.25,0,1823.7169
"288",1401,6106.5493,1.9710722715364,127.125,0,1963.5324,88.875,601.4498,3104.1494
"289",1402,4756.5644,2.0509277662676,0,0,0,282.375,0,2108.8788
"290",1403,5377.1889,1.97637468157386,0,0,148.5,163.125,130.5,2288.9195
"291",1404,4757.0112,2.07118705123082,0,0,85.75,91.125,33.75,1619.8832
"292",1405,4471.7478,2.19757697426496,158.625,0,0,104.2608,33.75,215.625
"293",1406,17140.1595,1.16921607409779,13546.3457,0,0,258.2362,7.875,14075.4858
"294",1407,24323.2745,1.05340586441188,20844.9556,0,144,5688.1237,10604.5244,21669.0692
"295",1408,17295.2854,1.10382798308723,686.25,0,2.25,3782.3917,6476.4211,15108.1842
"296",1409,11433.07,1.29378285972184,0,950.625,0,2478.4104,2769.998,9071.2126
"297",1410,7213.0183,1.77642693627992,1794.8179,0,0,1022.625,594.9744,4616.7449
"298",1411,4673.2295,2.0882774963224,0,0,92.75,356,183.5433,1585.3891
"299",1412,4805.5784,2.02064750415892,0,687.375,418.5,258.7057,27,1414.0807
"300",1413,5055.7533,2.08161660103154,0,0,657,223.875,200.25,1769.1166
"301",1414,7579.1912,1.7174220383832,0,0,2238.75,2160.8,276.8,4889.2073
"302",1415,7514.5154,1.790245848721,0,0,0,2251.8228,144.225,4882.1595
"303",1416,5156.0967,2.0741135440691,192.2746,0,0,574.2948,136.4,1666.5784
"304",1417,4850.5265,2.09742385697718,0,0,0,253.497,85.4114,1368.8004
"305",1418,4238.7829,2.09486784520151,0,0,99.75,62.9114,132.375,1439.0313
"306",1419,5715.6062,1.98814431966989,0,0,2428.9989,86.749,135,2676.543
"307",1420,4972.5406,2.05811290912336,0,0,0,5.625,0,1799.2823
"308",1421,3334.1636,2.20623847012186,0,0,0,1.125,0,268.875
"309",1422,5461.3605,2.10610341507395,0,0,811.125,0,425.25,1542.625
"310",1423,6565.0694,1.90747260036581,0,704.25,0,0,113.625,3122.25
"311",1424,5534.6406,2.05269697186842,0,0,122.8871,106.875,14.625,2525.5208
"312",1425,4903.7097,1.98870051381712,0,0,0,0,0,2189.8522
"313",1426,4236.3462,2.03605880935793,0,176.625,0,0,0,2018.737
"314",1427,6153.6429,1.98108993292412,0,0,0,106.875,1793.25,2758.5
"315",1428,13133.5492,1.37281931376174,0,0,8468.929,253.125,166.5,10549.6118
"316",1429,8355.972,1.61343527718858,0,0,1675.125,1345.5,1447.3435,6088.0036
"317",1430,5844.608,1.93488767766803,183.7116,0,0,909.4429,137.25,3239.2705
"318",1431,4892.4521,2.13920540990069,0,0,0,101.25,18,1199.8986
"319",1432,5221.7472,2.09137853322352,0,0,1080,79.875,0,1886.4281
"320",1433,6168.6512,2.06911358515456,0,0,324,90,0,2587.7244
"321",1434,7300.2005,1.94309183699818,180.25,0,2833.5787,503.125,0,4369.5265
"322",1435,7307.6486,1.90666803546082,0,0,1840.9163,151.875,38.25,5096.418
"323",1436,9218.9989,1.59988846511306,0,0,5166.9034,2821.5,76.5,6954.9415
"324",1437,6700.5713,1.84461883123309,0,277.875,0,219.375,104.625,3952.6788
"325",1438,7875.0483,1.9637898601841,2890.5323,0,0,46.125,1467,4134.7823
"326",1439,6474.8629,1.85847023880614,191.0551,0,0,129.375,30.375,3527.9507
"327",1440,8463.4066,1.66824904761163,0,0,4459.2516,408.0737,357.6525,5612.6459
"328",1441,6532.0086,1.84136162956062,0,0,0,266.0314,0,3061.4425
"329",1442,4901.9101,2.19111525525529,0,317.25,0,0,0,490.5561
"330",1443,4614.9544,2.31094157723422,0,0,0,0,0,45.9124
"331",1444,5565.804,2.16812341936583,0,0,907.4408,97.875,338.625,1199.8906
"332",1445,5626.3677,2.1151337122883,0,0,151.875,310.5,40.5,1561.2026
"333",1446,12155.9964,1.56203484890798,7194.862,0,611.2992,157.5,0,9380.2337
"334",1447,7554.2248,1.91873691659269,0,0,2892.3126,355.5,1300.7745,4820.8391
"335",1448,6470.722,2.01887208258986,0,0,0,124.875,555.5019,3224.5007
"336",1449,5391.0636,2.1314866328047,0,0,0,0,92.25,1737.3355
"337",1450,5296.0321,2.08395829020749,0,0,177.75,42.75,0,1585.3227
"338",1451,6757.5822,1.98924994208728,0,0,2681.988,493.875,98,2438.6808
"339",1452,5655.5735,2.17906459884219,321.75,0,0,39.625,268.1496,699.125
"340",1453,5214.9249,2.16670042554208,0,0,0,110,26.0433,799.2391
"341",1454,6059.3205,2.05662664650269,0,0,0,56.25,40.5177,2314.2676
"342",1455,7233.8047,1.89576033204214,237.375,0,3477.1957,105.75,495.2303,4308.6425
"343",1456,6201.6207,2.00997942360454,0,303.75,0,44.0748,254.25,3350.2774
"344",1457,5344.8087,2.24046372323859,0,0,0,124.5561,83.25,358.6673
"345",1458,16381.8543,1.38718850649282,11590.4846,0,257.25,717.1555,94.5,13400.8298
"346",1459,20482.0042,1.35844127988217,1952.8848,0,14419.6995,4451.1436,4932.1766,18382.706
"347",1460,13759.4904,1.44979351851577,0,0,3249,4423.0925,3211.6623,11196.272
"348",1461,10709.1027,1.5805507215838,183.2864,0,0,1287.7401,1500.75,7622.2052
"349",1462,6322.5044,1.97866054470441,0,0,0,302.1624,223.875,3090.2004
"350",1463,7240.6776,1.89891481979532,96.75,237.375,2493.1771,538.6299,670.5,4444.0921
"351",1464,5814.4759,2.07083840522927,0,0,0,327.3484,389.1437,2168.7675
"352",1465,19522.179,1.22004720886946,0,0,11507.3054,13320.4935,78.75,15017.0573
"353",1466,14440.0769,1.36728080720955,0,0,0,792.5619,1169.7695,9767.3696
"354",1467,6253.5294,1.94334578486191,0,0,0,209.2854,170.7608,3155.9476
"355",1468,8433.0212,1.79561270402119,1053.325,0,492.2805,903.3702,550.8927,4863.6578
"356",1469,5607.633,2.05662710095329,0,0,0,209.625,97.937,2104.2455
"357",1470,6237.4598,2.11065408389486,0,0,98,119.375,369.2933,2624.9549
"358",1471,18715.7236,1.30034779953686,0,0,14343.2487,9757.4172,360.75,15721.9543
"359",1472,25561.9996,1.17024999875205,8258.9436,0,8872.2942,2763.2873,155.75,22919.2898
"360",1473,5630.1047,2.00114750974347,0,0,501.6053,564.1299,303,2661.0756
"361",1474,6351.5665,2.19043601291115,0,0,0,56.25,7,2397.7027
"362",1475,8126.6942,1.97482144707746,254.2677,404.7431,2100.8414,389.25,183.5,4429.1583
"363",1476,7172.5741,2.06038303598704,0,0,920,167.375,0,3519.3305
"364",1477,6043.7791,2.06837639052691,588.2244,0,0,113.625,240.75,1962.6957
"365",1478,4160.9662,2.33270339951331,0,0,0,31.5,0,218.4862
"366",1479,4996.5272,2.34386595553808,0,0,0,68.625,0,369.7116
"367",1480,13009.5631,1.52542324807203,7026.5905,0,0,32.625,0,7754.4947
"368",1481,7978.4196,1.74487062575651,299.25,0,2655.2124,681.4397,648.5579,3742.7496
"369",1482,5962.4054,2.08082630543706,0,0,1120.8364,251.0255,233.0167,2520.7682
"370",1483,5704.1202,2.16761035295154,0,0,0,86.2795,0,1644.8471
"371",1484,5419.6045,2.20797477011468,0,0,0,33.75,0,1676.7498
"372",1485,4710.951,2.29470652528545,0,0,776,27,0,1308.4172
"373",1486,4753.509,2.25349736373698,0,0,193.9694,0,0,1522.0668
"374",1487,4565.9402,2.43900040565577,0,0,0,0,0,1249.1112
"375",1488,4701.3878,2.48038036768632,0,0,0,0,0,1006.4178
"376",1489,4427.6964,2.47202134274608,0,0,0,0,0,1593.027
"377",1490,4836.2242,2.41124677387785,0,0,1410.5,0,0,1967.1926
"378",1491,4505.9582,2.45301654152051,0,0,0,0,0,1616.3045
"379",1492,5664.8568,2.34855362981108,0,0,0,0,79.4586,2329.9446
"380",1493,7791.7859,2.02382870915383,3663.6829,0,831.7096,445.5351,555.1384,4841.645
"381",1494,5105.3615,2.35791726011958,0,0,0,172.9738,339.1917,2318.7604
"382",1495,4607.5572,2.61234738442314,0,407.7458,0,35.6545,18.3366,1115.7571
"383",1496,4355.7032,2.6932459493567,0,0,0,15.2805,0,502.9476
"384",1497,4814.1449,2.62317613248409,0,0,972,14.2618,0,862.3962
"385",1498,5071.2132,2.46603120531395,0,0,82.0275,129.8326,0,2261.3942
"386",1499,7690.6646,2.05616950191795,0,0,3671.4142,116.0285,24.75,4822.0948
"387",1500,5800.6368,2.32223468981888,255.6937,0,547.75,2.0374,92.5157,3075.0116
"388",1501,5616.2887,2.46606090602144,0,0,791.127,0,605.1078,2389.379
"389",1502,5107.0222,2.52685606105256,0,0,0,0,472.6768,2028.0548
"390",1503,5483.4937,2.44204529677859,0,0,901.5495,25,0,2146.1662
"391",1504,5425.7523,2.43773937118361,0,0,530.7427,30,0,1579.7902
"392",1505,4257.5538,2.65138869178823,0,0,0,75,0,75.0561
"393",1506,3905.8381,2.67516464648138,0,0,168.2553,178.275,0,201.4352
"394",1507,3821.477,2.74954683751858,0,0,164.0107,28.5236,0,181.5663
"395",1508,4034.0841,2.76488534287126,0,0,0,25,0,76.1171
"396",1509,5249.1142,2.42637700661952,0,0,1736.7458,0,0,1638.2143
"397",1510,5178.7146,2.43937752429918,0,0,0,0,0,1752.8505
"398",1511,4877.3168,2.56614866600423,0,0,145.3567,87.0398,0,1450.5045
"399",1512,9375.1427,1.98496605283672,2548.7874,1396.6084,720.5088,1222.44,698.8282,6243.7914
"400",1513,8426.6301,2.00277570033601,0,1319.8294,0,1166.0574,85.5708,5423.316
"401",1514,6689.9402,2.56152812845771,0,0,2612.9141,49.6875,1395.619,3166.2437
"402",1515,4809.3827,2.64733351330099,0,0,0,148.5752,32.5984,1283.9689
"403",1516,4600.5422,2.69495191240719,0,0,208.8335,79.4586,44.8228,338.4533
"404",1517,5653.3523,2.47562848683603,498.1443,0,0,60.2288,23.4301,2041.0679
"405",1518,17482.2722,1.66576459094373,547.0419,0,13571.537,5385.9777,0,14492.9848
"406",1519,11205.0194,1.80682953569897,0,0,0,1637.4496,2728.0786,8538.2239
"407",1520,4949.921,2.52064830933665,268.9442,0,383.0312,211.6091,312.7409,1878.0495
"408",1521,4977.7643,2.62234192165346,0,0,0,51.9537,485.9199,1927.6624
"409",1522,6837.1734,2.47081491307504,1977.5553,0,968,292.5717,120.2066,4270.9714
"410",1523,6439.6418,2.51340066772037,0,0,0,285.5067,374.8816,3958.8075
"411",1524,5168.2899,2.58911559895276,0,0,154.4807,139.7686,79.4586,2337.2204
"412",1525,5838.1234,2.52626725909905,418.0514,808.2794,17.3179,133.4497,22.4114,1854.4077
"413",1526,3991.8144,2.62120653705743,138.6535,0,213.927,11.2057,17.3179,1090.5066
"414",1527,4942.4935,2.67228070203835,0,0,62.8126,181.3204,30.561,818.5393
"415",1528,5380.8466,2.64628618106303,0,0,239.3945,22.4114,16.2992,658.8974
"416",1529,5807.9887,2.59603466515009,502.2191,0,0,77.4212,0,599.9686
"417",1530,3490.2526,2.71146277492924,0,0,0,21.3927,0,39.9488
"418",1531,4909.9412,2.59063998566826,0,0,0,32.5984,122.244,1746.358
"419",1532,9107.039,2.06291638808179,4255.531,0,1683.5,246.5254,2575.3248,6300.2319
"420",1533,7831.8892,2.02502992509138,0,0,1813.0204,218.9152,0,6136.7081
"421",1534,7715.2946,1.95334861224871,816.776,0,3373.9671,301.7173,234.301,6120.6798
"422",1535,5350.6588,2.29526689311604,0,0,708,155.7558,0,3408.2445
"423",1536,4618.6296,2.53184407773249,0,0,672,14.2618,0,1967.4949
"424",1537,5664.169,2.19561068887598,0,0,1846.8443,448.228,0,3021.4717
"425",1538,6075.6855,2.27803924347302,453.853,0,0,31.5797,0,3134.4319
"426",1539,5142.8689,2.57187773151285,112.3445,0,0,173.6742,0,2017.2471
"427",1540,10996.6422,1.82178610849046,0,0,0,4249.6032,18.9493,7627.3753
"428",1541,8634.6243,1.96246291804497,0,0,0,1160.2993,2783.2657,4976.0312
"429",1542,5472.8051,2.49743591270955,0,0,268.4201,399.3304,743.0457,2398.7789
"430",1543,6053.7718,2.4400044283136,1231.3723,0,207.8148,374.8816,803.6067,3144.9144
"431",1544,5914.8341,2.47402205245283,0,0,0,325.984,505.6148,2787.2405
"432",1545,5466.0759,2.54217106645007,0,0,0,67.2342,779.025,1701.0443
"433",1546,5222.3161,2.48529383351575,534.8175,0,417.667,19.3553,608.4961,2504.294
"434",1547,5447.2457,2.4178494463725,0,0,0,182.3473,452.3028,3116.6472
"435",1548,5715.2613,2.39428073043659,0,0,700,253.2912,506.5065,2867.4583
"436",1549,5310.7423,2.41485262804034,0,0,0,200.6839,339.6169,2358.3931
"437",1550,5489.1054,2.39956405282362,339.7586,0,0,186.4221,72.561,1940.331
"438",1551,5111.4823,2.44425183669324,0,0,0,376.7852,0,1540.6095
"439",1552,7142.9439,2.15657300626427,2450.4181,0,0,337.5539,311.7222,4897.4463
"440",1553,7867.772,2.15150489871847,0,2379.2406,0,592.8834,363.6759,4338.0892
"441",1554,6981.8428,2.21948709587102,2353.7391,0,811.9039,430.9101,651.6949,3471.3123
"442",1555,4881.162,2.43694022038195,158.9172,0,236.3384,258.7498,78.4399,487.4155
"443",1556,5766.5525,2.15164433168691,0,0,1692.1348,375.9003,18.3366,1767.4714
"444",1557,5762.4746,2.2535734908055,0,0,0,527.6866,26.4862,1216.9225
"445",1558,4562.9554,2.43836483696509,0,0,0,44.9483,577.6029,1312.265
"446",1559,5983.4329,2.19233844838471,2209.2209,0,0,71.6412,1170.4863,2889.0161
"447",1560,4866.9918,2.37318254779061,60.1033,0,0,221.8773,121.2253,1800.9897
"448",1561,12868.0461,1.73293597386164,2336.1009,0,7146.919,5496.2707,91.3415,10015.0804
"449",1562,16984.5245,1.71630003536455,1966.298,2298.623,2733.549,5616.6617,2736.8705,14827.6392
"450",1563,6924.6604,2.02257572082524,0,0,0,577.6029,725.4842,4814.4085
"451",1564,5810.8912,2.28934074690643,0,0,1111.136,526.6679,152.805,2676.7779
"452",1565,4792.8438,2.50098907875946,0,0,0,403.6119,147.7115,1547.4473
"453",1566,5099.3679,2.43055614794924,96.7765,0,725.3587,513.4248,585.7525,2038.7475
"454",1567,4725.8638,2.46094269580939,0,0,817.0417,275.049,580.659,1869.8561
"455",1568,4564.4974,2.52238504944706,0,0,0,177.2538,103.9074,1323.4878
"456",1569,5021.2826,2.44255919792286,625.4818,0,0,250.6002,170.1229,1119.7544
"457",1570,10749.515,1.7839372287959,0,0,6339.3701,5329.8384,637.7062,6729.872
"458",1571,9678.2899,1.82037531237827,0,0,0,443.1345,1806.1551,6424.3142
"459",1572,6211.447,2.19668138519092,575.5655,0,936.25,318.3955,435.1897,3307.56
"460",1573,4711.5969,2.45401086837458,0,0,0,123.1801,337.238,1684.9253
"461",1574,5425.158,2.34060648556226,0,0,166.7494,253.2179,236.3384,2751.7124
"462",1575,8365.3463,2.11897145250281,0,0,3900.0504,196.7883,99.8326,5739.2176
"463",1576,5235.3865,2.32107982858572,0,0,0,159.4891,0,2772.9755
"464",1577,5558.5015,2.31048242048689,0,0,848.3409,63.498,82.2785,2555.6302
"465",1578,4125.2481,2.43404511840149,0,0,31.4063,64.75,31.4063,1659.2904
"466",1579,15722.5731,1.60774510884608,226.5722,0,11040.376,6741.9787,1793.2886,13755.3158
"467",1580,11225.5828,1.8139940137451,0,538.8923,1565.7209,460.6601,2500.9085,8367.6816
"468",1581,7023.131,2.18711996116832,0,0,0,113.75,524.6305,3009.42
"469",1582,3486.3118,2.48264082403645,0,0,0,66.5,35.6545,792.7593
"470",1583,4419.0395,2.50945030022927,0,0,0,54.25,383.0312,975.8409
"471",1584,7078.9999,2.25350193888264,0,3294.5943,0,33.25,2079.1667,3591.0508
"472",1585,6764.2355,2.22748453982715,0,0,0,56,1691.2118,3804.1046
"473",1586,6082.0145,2.27458352820435,72.9378,0,358.5824,226.7586,274.0303,2817.5034
"474",1587,16848.7066,1.71277598246028,0,12425.1148,0,2617.3599,4178.2278,13800.8756
"475",1588,6338.4185,2.34891242981195,0,0,207.8148,240.4359,33.6171,2566.7006
"476",1589,5412.5675,2.43568140258759,0,508.3536,0,293.8754,2.0374,1701.6811
"477",1590,5547.2249,2.38907746466165,466.5646,0,0,444.1381,61.8159,2011.5309
"478",1591,5512.3433,2.38665832006508,0,0,0,323.0269,12.2244,2082.2709
"479",1592,13717.0623,1.82570578541442,0,4674.2243,5214.5779,4387.9156,818.0161,10359.3708
"480",1593,8087.4367,1.95059084666468,251.6189,0,0,2217.1027,366.732,4359.1943
"481",1594,4960.0358,2.37924895622729,0,0,137.6943,564.8427,179.2912,1383.2487
"482",1595,4349.6622,2.51166171018982,0,0,0,347.0033,0,1161.2967
"483",1596,4897.2692,2.47931643210465,0,0,886.0182,309.6199,0,1439.7567
"484",1597,4760.817,2.43069204298338,0,0,0,230.4477,0,1576.6897
"485",1598,6552.9137,2.15781721648494,512.4061,0,2120.1215,759.6884,297.4604,3527.4324
"486",1599,5749.0545,2.34894450904927,0,0,0,618.8204,331.0775,2460.1762
"487",1600,5782.8374,2.35696407441786,99.7957,0,179.0919,541.3879,238.3758,3232.1935
"488",1601,8006.9927,2.18153190023515,0,0,3759.8005,742.125,1492.5284,5328.5129
"489",1602,5617.9184,2.11031189061059,482.8638,344.3206,0,872.3021,60.1033,3155.6187
"490",1603,5045.5276,2.2621539123084,0,0,0,214.7578,46.8602,2254.0018
"491",1604,4595.3515,2.38576309124558,0,0,1235.735,590.9515,35.6545,1513.5716
"492",1605,5910.7385,2.24409014203555,0,1612.2405,64.1781,455.0677,658.3681,3019.4929
"493",1606,4327.6871,2.45288066228263,0,0,0,189.2342,331.0775,1202.9787
"494",1607,4178.1584,2.44452914949323,0,0,875.115,107.7544,68.2529,1202.1524
"495",1608,5905.7121,2.05781619459574,1830.9067,0,0,1249.7148,35.6545,2897.3457
"496",1609,5289.3816,2.25884061758751,0,0,0,165.2627,51.9537,1901.404
"497",1610,5955.5594,2.36990164181722,0,2348.325,118.1692,47.1432,1773.5567,2771.9051
"498",1611,5950.2613,2.32452312640455,202.4408,0,0,338.5052,0,2888.9771
"499",1612,3696.0876,2.61927774655557,0,0,0,67.3366,0,525.7897
"500",1613,3651.8508,2.61780410086852,0,0,0,84.7086,0,729.3623
"501",1614,7981.3003,1.95770606451182,0,0,582.6226,1746.48,0,4697.6091
"502",1615,8100.5979,2.01964598193425,0,0,2575.4289,767.9523,846.5742,6007.314
"503",1616,13964.8593,1.73588143490998,0,10267.552,0,2304.9251,4250.0531,11889.6855
"504",1617,5111.1197,2.38382599413588,0,183.366,0,942.2841,261.808,2660.2349
"505",1618,4951.2889,2.49437474755311,0,0,0,399.1791,535.8419,2470.746
"506",1619,4896.039,2.46687781694549,0,0,753.838,458.2594,446.1921,2461.9137
