Demand-Total-Uni-Combined.csv
"","WEEK","DEMAND","PRICE","FA","FAplus","FB","D1","D2","PR1"
"507",1620,4465.01,2.50003471436794,0,0,0,422.4172,297.4661,2430.3374
"508",1621,4646.9316,2.51450440974857,0,0,276.0677,703.2765,203.7418,2313.4855
"509",1622,6279.5956,2.13871097049625,0,0,2332.8379,1866.3822,314.7786,4244.3987
"510",1623,7743.8508,1.96431341368302,246.8133,0,2833.1007,1265.3584,902.5682,6108.1874
"511",1624,6051.9985,2.10030455228963,0,0,1821.6423,614.9493,395.2556,4233.6465
"512",1625,4487.2793,2.40399789689935,0,0,0,440.8083,157.8985,2409.6497
"513",1626,4473.2662,2.42272413834884,438.041,0,0,442.1014,130.3936,1796.2211
"514",1627,4159.0366,2.55110282030218,0,139.5619,0,396.4457,50.935,1307.1533
"515",1628,4177.9723,2.59104877263068,2.0374,0,22.75,157.246,74.3651,823.0526
"516",1629,5321.0084,2.3293686211809,496.1069,0,763.0137,161.5757,125.3001,2163.983
"517",1630,3601.7922,2.47022579481404,0,0,0,234.2026,1.0187,1070.4672
"518",1631,4868.6227,2.55518054418142,0,0,0,149.6614,12.2244,1088.5001
"519",1632,5285.3363,2.47693604662394,0,0,372.8442,128.6968,16.2992,1558.7815
"520",1633,4575.333,2.51153304032734,1010.5504,0,0,133.0826,206.7961,1504.4155
"521",1634,3085.847,2.56340965705688,0,0,0,55.4793,161.9733,899.2929
"522",1635,3275.5776,2.67969227778331,0,0,0,61.1732,147.7115,73.654
"523",1636,6034.9605,2.18269365640421,0,2664.6832,0,49.0797,1384.4133,2833.2265
"524",1637,4326.8116,2.45611803388897,0,404.6357,0,246.896,155.8611,1189.0362
"525",1638,4170.9139,2.3285184573098,0,0,350.4328,74.7037,50.935,2154.8314
"526",1639,12612.101,1.75101674177839,0,8726.2458,0,2300.7744,2566.7698,10119.3757
"527",1640,8589.1604,1.91074904131491,0,3884.9432,453.4175,212.7661,1312.0856,5980.7196
"528",1641,4329.4485,2.39402778437023,0,1238.095,417.667,98.8026,115.1131,1907.7868
"529",1642,3343.7418,2.6347728164896,0,890.2498,0,128.0826,24.4488,813.0214
"530",1643,3988.4518,2.54611576351506,0,1280.9961,0,69.5354,328.0214,1467.1568
"531",1644,7049.7353,2.01235782569028,0,3399.7345,438.7371,909.3127,1726.6965,4696.3641
"532",1645,8107.3534,1.77461241544004,2981.3068,21.3927,0,2325.7177,534.8175,5928.0697
"533",1646,6906.5614,1.90849530419001,0,1468.5152,73.3464,508.1891,1556.5736,4586.3114
"534",1647,4966.8479,2.26030476995279,0,40.748,103.9074,241.5766,350.4328,2283.0635
"535",1648,4040.5569,2.4311326985644,0,0,341.2645,873.1249,0,1236.5057
"536",1649,4578.0612,2.3998215663871,0,0,0,304.486,0,1832.0676
"537",1650,4273.331,2.52919794886003,0,0,0,68.435,0,1268.0423
"538",1651,3985.6457,2.52071326861793,191.929,0,395.2556,115.1131,0,1139.0345
"539",1652,3457.994,2.54568110875843,0,0,569.3944,16.2992,6.1122,1240.9501
"540",1653,3616.0283,2.52336520706987,0,0,0,58.5482,4.0748,1097.6455
"541",1654,3205.5968,2.57905485805327,0,146.6928,0,15.2805,5.0935,509.0414
"542",1655,3341.107,2.57732541938944,0,328.5234,0,297.4678,6.1122,705.8143
"543",1656,7813.502,1.97080003307096,0,678.4542,3690.33,554.8077,1792.2404,6270.9517
"544",1657,6170.8162,1.9591281944194,0,0,0,203.7696,969.8024,4463.094
"545",1658,4753.1438,2.17583991462661,0,0,0,91.0777,844.5023,2397.4178
"546",1659,3993.149,2.31815041211836,181.3286,0,495.3097,157.463,339.1976,1736.9837
"547",1660,3369.9567,2.42859796981961,0,0,0,224.5717,339.4781,1206.6883
"548",1661,4243.3743,2.30944510362897,0,0,332.0962,577.2855,285.7675,1809.5809
"549",1662,3517.7766,2.416537764223,94.5,0,0,31.4616,227.9452,1543.6622
"550",1663,3460.0685,2.5275944681442,0,209.8522,0,111.2081,16.9119,1069.7777
"551",1664,2980.4332,2.59116023804862,0,0,0,126.5698,39.7293,846.0008
"552",1665,3057.425,2.64717204837404,0,0,0,162.9625,47.0669,1171.7745
"553",1666,6178.1255,2.09563240500699,0,0,913.4492,1584.0123,914.7262,4378.3176
"554",1667,5237.0243,2.22357379552354,0,0,0,122.7903,828.3434,3267.7808
"555",1668,9321.3588,1.95852883594611,0,1478.8942,718.346,839.874,3220.1701,7135.1772
"556",1669,5097.2602,2.1694792037495,0,0,0,366.2596,900.3759,3163.8909
"557",1670,5402.8753,2.22984972464569,0,31.875,728.9906,749.2097,686.9583,3399.8279
"558",1671,6474.8568,2.16717379757341,0,0,0,716.4414,1225.1788,4519.89
"559",1672,8186.2021,1.97946493405043,0,0,594.4854,1166.6256,911.1165,6220.0031
"560",1673,6024.2384,2.07230178672876,0,0,90,425.0858,282.1799,3744.3497
"561",1674,6079.1848,2.17568316067641,0,1882.1017,0,325.6396,1025.927,4213.9739
"562",1675,4108.7519,2.43798366116971,0,0,195.5904,288.5993,355.5263,2143.1022
"563",1676,4468.1589,2.5362526834039,0,0,0,69.374,293.3856,2118.228
"564",1677,4334.9008,2.54847123606612,0,0,0,0,250.6002,2123.7942
"565",1678,6623.323,2.18506027865469,106.9635,0,0,1461.8345,112.057,4424.2784
"566",1679,6553.9686,2.29781845460779,0,0,0,30.1122,1344.684,3930.8366
"567",1680,4235.1277,2.60545390402278,0,0,0,211.7715,73.3464,2235.5512
"568",1681,4741.0915,2.6241467813899,0,0,0,253.679,109.6496,1479.669
"569",1682,3609.4558,2.81180337490211,0,0,0,153.9517,73.5,1099.2699
"570",1683,4309.6866,2.91062463799572,0,0,0,33.6171,0,1888.2473
"571",1684,3758.2999,3.10280454202178,0,0,0,29.5423,0,1613.6798
"572",1685,3634.1618,3.14401521693393,0,0,0,24.4488,0,1149.9196
"573",1686,3337.5123,3.15637188812757,0,0,0,28.5236,0,931.4286
